exports[`Link changes the class when hovered 1`] = `
<a
  className="normal"
  href="http://www.facebook.com"
  onMouseEnter={[Function]}
  onMouseLeave={[Function]}>
  Facebook
</a>
`;
